MPLINK 4.49, Linker
Linker Map File - Created Sun Feb 27 05:42:03 2022

                                 Section Info
                  Section       Type    Address   Location Size(Bytes)
                ---------  ---------  ---------  ---------  ---------
                   .org_0       code   0x000000    program   0x000000
                   .org_1       code   0x000000    program   0x000004
                   .org_2       code   0x000010    program   0x0005a0



                              Program Memory Usage 
                               Start         End      
                           ---------   ---------      
                            0x000000    0x000001      
                            0x000010    0x0002df      
            722 out of 8454 program addresses used, program memory utilization is 8%



                              Symbols - Sorted by Name
                     Name    Address   Location    Storage File                     
                ---------  ---------  ---------  --------- ---------                
                  A_C_E_G   0x0000f6    program     static C:\pro\lab1_Ex1_G11.asm  
                    B_D_F   0x0000f0    program     static C:\pro\lab1_Ex1_G11.asm  
              Conversions   0x000126    program     static C:\pro\lab1_Ex1_G11.asm  
            One_situation   0x000141    program     static C:\pro\lab1_Ex1_G11.asm  
           Zero_situation   0x00013e    program     static C:\pro\lab1_Ex1_G11.asm  
               a_double_b   0x000144    program     static C:\pro\lab1_Ex1_G11.asm  
                a_minus_b   0x00016b    program     static C:\pro\lab1_Ex1_G11.asm  
                a_parts_b   0x000104    program     static C:\pro\lab1_Ex1_G11.asm  
                a_power_b   0x000106    program     static C:\pro\lab1_Ex1_G11.asm  
                   count1   0x0002cc    program     static C:\pro\lab1_Ex1_G11.asm  
                  count11   0x0002d9    program     static C:\pro\lab1_Ex1_G11.asm  
                   count2   0x0002ca    program     static C:\pro\lab1_Ex1_G11.asm  
                  count22   0x0002d7    program     static C:\pro\lab1_Ex1_G11.asm  
                   count3   0x0002c8    program     static C:\pro\lab1_Ex1_G11.asm  
                  count33   0x0002d5    program     static C:\pro\lab1_Ex1_G11.asm  
                  counter   0x0000a4    program     static C:\pro\lab1_Ex1_G11.asm  
                   del_01   0x0002ab    program     static C:\pro\lab1_Ex1_G11.asm  
                   del_41   0x0002a2    program     static C:\pro\lab1_Ex1_G11.asm  
                    delay   0x0002c6    program     static C:\pro\lab1_Ex1_G11.asm  
                  delay_2   0x0002d3    program     static C:\pro\lab1_Ex1_G11.asm  
                    disp0   0x000258    program     static C:\pro\lab1_Ex1_G11.asm  
                    disp1   0x00025f    program     static C:\pro\lab1_Ex1_G11.asm  
                   disp_0   0x00007a    program     static C:\pro\lab1_Ex1_G11.asm  
                   disp_1   0x000081    program     static C:\pro\lab1_Ex1_G11.asm  
                   disp_a   0x000088    program     static C:\pro\lab1_Ex1_G11.asm  
                   disp_b   0x00008d    program     static C:\pro\lab1_Ex1_G11.asm  
                   disp_c   0x000097    program     static C:\pro\lab1_Ex1_G11.asm  
               disp_error   0x0000b2    program     static C:\pro\lab1_Ex1_G11.asm  
                        e   0x000208    program     static C:\pro\lab1_Ex1_G11.asm  
                 end_code   0x0002e0    program     static C:\pro\lab1_Ex1_G11.asm  
                     init   0x000267    program     static C:\pro\lab1_Ex1_G11.asm  
                     kb00   0x00005a    program     static C:\pro\lab1_Ex1_G11.asm  
                     kb01   0x00005c    program     static C:\pro\lab1_Ex1_G11.asm  
                     kb02   0x00005e    program     static C:\pro\lab1_Ex1_G11.asm  
                     kb03   0x000060    program     static C:\pro\lab1_Ex1_G11.asm  
                     kb04   0x000062    program     static C:\pro\lab1_Ex1_G11.asm  
                     kb05   0x000064    program     static C:\pro\lab1_Ex1_G11.asm  
                     kb06   0x000066    program     static C:\pro\lab1_Ex1_G11.asm  
                     kb07   0x000068    program     static C:\pro\lab1_Ex1_G11.asm  
                     kb08   0x00006a    program     static C:\pro\lab1_Ex1_G11.asm  
                     kb09   0x00006c    program     static C:\pro\lab1_Ex1_G11.asm  
                     kb0a   0x00006e    program     static C:\pro\lab1_Ex1_G11.asm  
                     kb0b   0x000070    program     static C:\pro\lab1_Ex1_G11.asm  
                     kb0c   0x000072    program     static C:\pro\lab1_Ex1_G11.asm  
                     kb0d   0x000074    program     static C:\pro\lab1_Ex1_G11.asm  
                     kb0e   0x000076    program     static C:\pro\lab1_Ex1_G11.asm  
                     kb0f   0x000078    program     static C:\pro\lab1_Ex1_G11.asm  
                     lcdc   0x000285    program     static C:\pro\lab1_Ex1_G11.asm  
                     lcdd   0x000297    program     static C:\pro\lab1_Ex1_G11.asm  
                   lulaa1   0x0002b4    program     static C:\pro\lab1_Ex1_G11.asm  
                   lulaa2   0x0002b2    program     static C:\pro\lab1_Ex1_G11.asm  
                   lulaa3   0x0002bf    program     static C:\pro\lab1_Ex1_G11.asm  
                   lulaa4   0x0002bd    program     static C:\pro\lab1_Ex1_G11.asm  
                   lulaa5   0x0002bb    program     static C:\pro\lab1_Ex1_G11.asm  
                   lulaa6   0x0002a4    program     static C:\pro\lab1_Ex1_G11.asm  
                   lulaa7   0x0002a6    program     static C:\pro\lab1_Ex1_G11.asm  
                   lulaa8   0x0002ad    program     static C:\pro\lab1_Ex1_G11.asm  
                     mdel   0x0002b9    program     static C:\pro\lab1_Ex1_G11.asm  
           multiplication   0x000163    program     static C:\pro\lab1_Ex1_G11.asm  
                    num_A   0x0000dc    program     static C:\pro\lab1_Ex1_G11.asm  
                    num_B   0x0000e2    program     static C:\pro\lab1_Ex1_G11.asm  
                    num_C   0x0000e9    program     static C:\pro\lab1_Ex1_G11.asm  
                      one   0x00028d    program     static C:\pro\lab1_Ex1_G11.asm  
                ones_in_a   0x0001d7    program     static C:\pro\lab1_Ex1_G11.asm  
          ones_pairs_in_b   0x000190    program     static C:\pro\lab1_Ex1_G11.asm  
                    print   0x000250    program     static C:\pro\lab1_Ex1_G11.asm  
                        q   0x000246    program     static C:\pro\lab1_Ex1_G11.asm  
                    reset   0x000000    program     static C:\pro\lab1_Ex1_G11.asm  
                   result   0x0000fe    program     static C:\pro\lab1_Ex1_G11.asm  
              rotate_down   0x0000ac    program     static C:\pro\lab1_Ex1_G11.asm  
             rotate_right   0x0000a4    program     static C:\pro\lab1_Ex1_G11.asm  
                     sdel   0x0002b0    program     static C:\pro\lab1_Ex1_G11.asm  
                  special   0x00013a    program     static C:\pro\lab1_Ex1_G11.asm  
                    start   0x000010    program     static C:\pro\lab1_Ex1_G11.asm  
                    three   0x000291    program     static C:\pro\lab1_Ex1_G11.asm  
                      two   0x00028f    program     static C:\pro\lab1_Ex1_G11.asm  
                      wkb   0x00002f    program     static C:\pro\lab1_Ex1_G11.asm  
                        x   0x0001ca    program     static C:\pro\lab1_Ex1_G11.asm  
                        y   0x0001cd    program     static C:\pro\lab1_Ex1_G11.asm  
                        z   0x000254    program     static C:\pro\lab1_Ex1_G11.asm  
               zeros_in_b   0x000210    program     static C:\pro\lab1_Ex1_G11.asm  



                              Symbols - Sorted by Address
                     Name    Address   Location    Storage File                     
                ---------  ---------  ---------  --------- ---------                
                    reset   0x000000    program     static C:\pro\lab1_Ex1_G11.asm  
                    start   0x000010    program     static C:\pro\lab1_Ex1_G11.asm  
                      wkb   0x00002f    program     static C:\pro\lab1_Ex1_G11.asm  
                     kb00   0x00005a    program     static C:\pro\lab1_Ex1_G11.asm  
                     kb01   0x00005c    program     static C:\pro\lab1_Ex1_G11.asm  
                     kb02   0x00005e    program     static C:\pro\lab1_Ex1_G11.asm  
                     kb03   0x000060    program     static C:\pro\lab1_Ex1_G11.asm  
                     kb04   0x000062    program     static C:\pro\lab1_Ex1_G11.asm  
                     kb05   0x000064    program     static C:\pro\lab1_Ex1_G11.asm  
                     kb06   0x000066    program     static C:\pro\lab1_Ex1_G11.asm  
                     kb07   0x000068    program     static C:\pro\lab1_Ex1_G11.asm  
                     kb08   0x00006a    program     static C:\pro\lab1_Ex1_G11.asm  
                     kb09   0x00006c    program     static C:\pro\lab1_Ex1_G11.asm  
                     kb0a   0x00006e    program     static C:\pro\lab1_Ex1_G11.asm  
                     kb0b   0x000070    program     static C:\pro\lab1_Ex1_G11.asm  
                     kb0c   0x000072    program     static C:\pro\lab1_Ex1_G11.asm  
                     kb0d   0x000074    program     static C:\pro\lab1_Ex1_G11.asm  
                     kb0e   0x000076    program     static C:\pro\lab1_Ex1_G11.asm  
                     kb0f   0x000078    program     static C:\pro\lab1_Ex1_G11.asm  
                   disp_0   0x00007a    program     static C:\pro\lab1_Ex1_G11.asm  
                   disp_1   0x000081    program     static C:\pro\lab1_Ex1_G11.asm  
                   disp_a   0x000088    program     static C:\pro\lab1_Ex1_G11.asm  
                   disp_b   0x00008d    program     static C:\pro\lab1_Ex1_G11.asm  
                   disp_c   0x000097    program     static C:\pro\lab1_Ex1_G11.asm  
                  counter   0x0000a4    program     static C:\pro\lab1_Ex1_G11.asm  
             rotate_right   0x0000a4    program     static C:\pro\lab1_Ex1_G11.asm  
              rotate_down   0x0000ac    program     static C:\pro\lab1_Ex1_G11.asm  
               disp_error   0x0000b2    program     static C:\pro\lab1_Ex1_G11.asm  
                    num_A   0x0000dc    program     static C:\pro\lab1_Ex1_G11.asm  
                    num_B   0x0000e2    program     static C:\pro\lab1_Ex1_G11.asm  
                    num_C   0x0000e9    program     static C:\pro\lab1_Ex1_G11.asm  
                    B_D_F   0x0000f0    program     static C:\pro\lab1_Ex1_G11.asm  
                  A_C_E_G   0x0000f6    program     static C:\pro\lab1_Ex1_G11.asm  
                   result   0x0000fe    program     static C:\pro\lab1_Ex1_G11.asm  
                a_parts_b   0x000104    program     static C:\pro\lab1_Ex1_G11.asm  
                a_power_b   0x000106    program     static C:\pro\lab1_Ex1_G11.asm  
              Conversions   0x000126    program     static C:\pro\lab1_Ex1_G11.asm  
                  special   0x00013a    program     static C:\pro\lab1_Ex1_G11.asm  
           Zero_situation   0x00013e    program     static C:\pro\lab1_Ex1_G11.asm  
            One_situation   0x000141    program     static C:\pro\lab1_Ex1_G11.asm  
               a_double_b   0x000144    program     static C:\pro\lab1_Ex1_G11.asm  
           multiplication   0x000163    program     static C:\pro\lab1_Ex1_G11.asm  
                a_minus_b   0x00016b    program     static C:\pro\lab1_Ex1_G11.asm  
          ones_pairs_in_b   0x000190    program     static C:\pro\lab1_Ex1_G11.asm  
                        x   0x0001ca    program     static C:\pro\lab1_Ex1_G11.asm  
                        y   0x0001cd    program     static C:\pro\lab1_Ex1_G11.asm  
                ones_in_a   0x0001d7    program     static C:\pro\lab1_Ex1_G11.asm  
                        e   0x000208    program     static C:\pro\lab1_Ex1_G11.asm  
               zeros_in_b   0x000210    program     static C:\pro\lab1_Ex1_G11.asm  
                        q   0x000246    program     static C:\pro\lab1_Ex1_G11.asm  
                    print   0x000250    program     static C:\pro\lab1_Ex1_G11.asm  
                        z   0x000254    program     static C:\pro\lab1_Ex1_G11.asm  
                    disp0   0x000258    program     static C:\pro\lab1_Ex1_G11.asm  
                    disp1   0x00025f    program     static C:\pro\lab1_Ex1_G11.asm  
                     init   0x000267    program     static C:\pro\lab1_Ex1_G11.asm  
                     lcdc   0x000285    program     static C:\pro\lab1_Ex1_G11.asm  
                      one   0x00028d    program     static C:\pro\lab1_Ex1_G11.asm  
                      two   0x00028f    program     static C:\pro\lab1_Ex1_G11.asm  
                    three   0x000291    program     static C:\pro\lab1_Ex1_G11.asm  
                     lcdd   0x000297    program     static C:\pro\lab1_Ex1_G11.asm  
                   del_41   0x0002a2    program     static C:\pro\lab1_Ex1_G11.asm  
                   lulaa6   0x0002a4    program     static C:\pro\lab1_Ex1_G11.asm  
                   lulaa7   0x0002a6    program     static C:\pro\lab1_Ex1_G11.asm  
                   del_01   0x0002ab    program     static C:\pro\lab1_Ex1_G11.asm  
                   lulaa8   0x0002ad    program     static C:\pro\lab1_Ex1_G11.asm  
                     sdel   0x0002b0    program     static C:\pro\lab1_Ex1_G11.asm  
                   lulaa2   0x0002b2    program     static C:\pro\lab1_Ex1_G11.asm  
                   lulaa1   0x0002b4    program     static C:\pro\lab1_Ex1_G11.asm  
                     mdel   0x0002b9    program     static C:\pro\lab1_Ex1_G11.asm  
                   lulaa5   0x0002bb    program     static C:\pro\lab1_Ex1_G11.asm  
                   lulaa4   0x0002bd    program     static C:\pro\lab1_Ex1_G11.asm  
                   lulaa3   0x0002bf    program     static C:\pro\lab1_Ex1_G11.asm  
                    delay   0x0002c6    program     static C:\pro\lab1_Ex1_G11.asm  
                   count3   0x0002c8    program     static C:\pro\lab1_Ex1_G11.asm  
                   count2   0x0002ca    program     static C:\pro\lab1_Ex1_G11.asm  
                   count1   0x0002cc    program     static C:\pro\lab1_Ex1_G11.asm  
                  delay_2   0x0002d3    program     static C:\pro\lab1_Ex1_G11.asm  
                  count33   0x0002d5    program     static C:\pro\lab1_Ex1_G11.asm  
                  count22   0x0002d7    program     static C:\pro\lab1_Ex1_G11.asm  
                  count11   0x0002d9    program     static C:\pro\lab1_Ex1_G11.asm  
                 end_code   0x0002e0    program     static C:\pro\lab1_Ex1_G11.asm  


